------------------------------------------------------
Started: 2026-09-09 10:07:10.905514
Existing_entries: 0
Fetching from https://www.foreignaffairs.com/rss.xml
Summarization failed, append the original article
error: Connection error.
Append: [The Right Way to Sanction Russia](https://www.foreignaffairs.com/europe/right-way-sanction-russia)
Summarization failed, append the original article
error: Connection error.
Append: [How al-Qaeda Ended](https://www.foreignaffairs.com/united-states/how-al-qaeda-ended)
Summarization failed, append the original article
error: Connection error.
Append: [Why America Can’t Strangle Iran](https://www.foreignaffairs.com/iran/why-america-cant-strangle-iran)
Summarization failed, append the original article
error: Connection error.
Append: [The Rise and Fall of Global Jihadism](https://www.foreignaffairs.com/united-states/rise-and-fall-global-jihadism)
Summarization failed, append the original article
error: Connection error.
Append: [The Emerging U.S.-China Détente](https://www.foreignaffairs.com/united-states/emerging-us-china-detente)
Summarization failed, append the original article
error: Connection error.
Append: [How Taiwan Can Win the Strait](https://www.foreignaffairs.com/taiwan/how-taiwan-can-win-strait)
Summarization failed, append the original article
error: Connection error.
Append: [Avoiding the Next Famine](https://www.foreignaffairs.com/united-states/avoiding-next-famine)
Summarization failed, append the original article
error: Connection error.
Append: [The Case for a Stalemate With Iran](https://www.foreignaffairs.com/iran/case-stalemate-iran)
Append: [The End of American Sanctuary](https://www.foreignaffairs.com/united-states/end-american-sanctuary)
Append: [How Does the World Really View China?](https://www.foreignaffairs.com/china/how-does-world-really-view-china)
Append: [Can Israel End Its Forever Wars?](https://www.foreignaffairs.com/israel/can-israel-end-its-forever-wars)
Append: [The Real Risk of a Trade War With Canada](https://www.foreignaffairs.com/united-states/real-risk-trade-war-canada)
Append: [The Powder Keg in Outer Space](https://www.foreignaffairs.com/united-states/powder-keg-outer-space)
Append: [The Road Through Damascus](https://www.foreignaffairs.com/syria/road-through-damascus)
Append: [The Price of Russian Paranoia](https://www.foreignaffairs.com/russia/price-russian-paranoia)
Append: [Leave Europe to the Europeans](https://www.foreignaffairs.com/europe/leave-europe-europeans)
Append: [A Great Rebalancing Is Coming](https://www.foreignaffairs.com/united-states/great-rebalancing-coming)
Append: [The Impossible Middle East](https://www.foreignaffairs.com/middle-east/impossible-middle-east)
Append: [India Is Sticking With America—for Now](https://www.foreignaffairs.com/india/india-sticking-america-now)
Append: [America Doesn’t Need More Nuclear Weapons](https://www.foreignaffairs.com/united-states/america-doesnt-need-more-nuclear-weapons)
Fetching from https://restofworld.org/feed/
Fetch error: 403
Fetch failed from https://restofworld.org/feed/
Fetching from https://www.project-syndicate.org/rss
Append: [Europe’s Security Depends on a Clear Electrification Target](https://www.project-syndicate.org/commentary/eu-needs-clear-electrification-target-energy-security-framework-by-neil-makaroff-and-marin-gillot-2026-09)
Append: [The AI Race Could Sink US-China Détente](https://www.project-syndicate.org/commentary/us-china-relationship-ai-race-could-renew-conflict-by-ian-bremmer-2026-09)
Append: [Are China’s Rare Earths Really a Potent Weapon?](https://www.project-syndicate.org/commentary/how-much-would-china-rare-earth-export-restrictions-hurt-the-us-and-europe-by-daniel-gros-2026-09)
Append: [The Trump Shock in East Asia](https://www.project-syndicate.org/commentary/trump-may-eventually-force-japan-south-korea-to-cooperate-by-ian-buruma-2026-09)
Append: [Building a Resilient Nepal](https://www.project-syndicate.org/commentary/how-the-world-can-help-nepal-rebuild-schools-after-floods-by-gordon-brown-2026-09)
Append: [Unpaid Work in the AI Age](https://www.project-syndicate.org/commentary/ai-can-expand-leisure-time-by-increasing-productivity-in-unpaid-work-by-diane-coyle-2026-09)
Append: [The Digital Wellness Industry Is Hijacking Women’s Health](https://www.project-syndicate.org/commentary/health-apps-are-getting-between-women-and-their-doctors-by-danielle-keats-citron-et-al-2026-09)
Append: [Who Controls the Data Controls the Future](https://www.project-syndicate.org/commentary/ai-sovereignty-strategies-must-cover-data-compute-and-governance-by-bijan-burnard-2026-09)
Append: [Will Europe Be as Unprepared as Ukraine Was?](https://www.project-syndicate.org/commentary/europe-must-establish-deterrence-russia-warning-signs-by-tatyana-deryugina-et-al-2026-09)
Append: [The Case for a Cashflow Tax](https://www.project-syndicate.org/commentary/cashflow-tax-best-approach-for-growth-inequality-and-fiscal-sustainability-by-glenn-hubbard-2026-09)
Append: [Kevin Warsh’s Best Move Is to Do Nothing](https://www.project-syndicate.org/commentary/kevin-warsh-inflation-mandate-impossible-with-current-tools-by-james-k-galbraith-2026-09)
Append: [How Developing Countries Can Do More With Less](https://www.project-syndicate.org/commentary/equitable-evaluation-is-crucial-to-decolonize-development-in-africa-by-takunda-chirau-et-al-2026-09)
Append: [America’s Naval Disaster](https://www.project-syndicate.org/commentary/trump-plans-to-resurrect-american-shipbuilding-could-sink-it-further-by-anne-o-krueger-2026-09)
Append: [America’s Un-American AI Companies](https://www.project-syndicate.org/commentary/american-ai-companies-avoiding-democratic-oversight-unamerican-by-yaqiu-wang-and-nicholas-bequelin-2026-09)
Append: [The Golden Bridge to Monetary Multipolarity](https://www.project-syndicate.org/commentary/rising-gold-demand-sign-of-shift-to-multipolar-monetary-order-by-hippolyte-fofack-2026-09)
Append: [Asia’s Natural Disasters Must Not Become Financial Crises](https://www.project-syndicate.org/commentary/asia-floods-nepal-build-fiscal-resilience-with-disaster-risk-finance-by-yasuto-watanabe-2026-09)
Append: [Is AI Crowding Out Other Investment?](https://www.project-syndicate.org/onpoint/fears-of-ai-crowding-out-investment-in-other-sectors-may-be-premature-by-dambisa-moyo-2026-09)
Append: [India’s Resilience Depends on Diversified Trade](https://www.project-syndicate.org/commentary/india-must-continue-to-diversify-trade-to-boost-security-by-shekhar-aiyar-2026-09)
Append: [Whipsaw Trade Policy Is Depressing Foreign Direct Investment](https://www.project-syndicate.org/commentary/trade-policy-uncertainty-impact-on-fdi-by-jonathan-d-ostry-2026-09)
Append: [Why the Far Right’s War on Modern Architecture Matters](https://www.project-syndicate.org/commentary/understanding-the-far-right-afd-war-on-bauhaus-architecture-by-jan-werner-mueller-2026-09)
append_entries: 40
Finish: 2026-09-09 10:07:34.264468
