------------------------------------------------------
Started: 2026-09-09 10:06:14.473325
Existing_entries: 0
Fetching from https://connect.biorxiv.org/biorxiv_xml.php?subject=animal_behavior_and_cognition
Summarization failed, append the original article
error: Connection error.
Append: [Dissociable control of persistence and adaptive updating in reward-guided behavior](https://www.biorxiv.org/content/10.64898/2026.09.04.749383v1?rss=1)
Summarization failed, append the original article
error: Connection error.
Append: [Mice use predictive environmental cues to adapt predatory behavior in hunting tasks of variable difficulty](https://www.biorxiv.org/content/10.64898/2026.09.03.749200v1?rss=1)
Summarization failed, append the original article
error: Connection error.
Append: [EXECUTIVE DYSFUNCTIONS IN THE EAAT3 OVEREXPRESSING MOUSE MODEL OF COMPULSIVE BEHAVIOR](https://www.biorxiv.org/content/10.64898/2026.09.03.749220v1?rss=1)
Summarization failed, append the original article
error: Connection error.
Append: [Cheetahs Combine Head Pitch Stabilisation with Predictive Yaw Tracking during High-speed Pursuit](https://www.biorxiv.org/content/10.64898/2026.09.03.748592v1?rss=1)
Summarization failed, append the original article
error: Connection error.
Append: [From pose to behavior: SABER integrates identity-resolved multi-animal pose tracking with language-model-based behavioral factor discovery](https://www.biorxiv.org/content/10.64898/2026.09.02.749007v1?rss=1)
Summarization failed, append the original article
error: Connection error.
Append: [Mus musculus mice self-organize existing behaviors into structured bouts as they become expert hunters.](https://www.biorxiv.org/content/10.64898/2026.09.02.748903v1?rss=1)
Summarization failed, append the original article
error: Connection error.
Append: [How variable and stress-sensitive is sleep expression in lizards?](https://www.biorxiv.org/content/10.64898/2026.09.01.748758v1?rss=1)
Summarization failed, append the original article
error: Connection error.
Append: [Consistency and individual variation in common song types of an urban bird: a multi-population comparison over a decade](https://www.biorxiv.org/content/10.64898/2026.09.01.748382v1?rss=1)
Summarization failed, append the original article
error: Connection error.
Append: [Low-frequency sounds elicit escape climb in free-flying Aedes aegypti mosquitos](https://www.biorxiv.org/content/10.64898/2026.09.01.748447v1?rss=1)
Summarization failed, append the original article
error: Connection error.
Append: [Beyond the harem: vocal complexity in a captive gelada (Theropithecus gelada) bachelor group](https://www.biorxiv.org/content/10.64898/2026.09.01.748493v1?rss=1)
Append: [Integrating learning in movement using step-selection analyses](https://www.biorxiv.org/content/10.64898/2026.09.01.747820v1?rss=1)
Append: [Male RORγt-transgenic mice exhibit lower body weight and an altered locomotor response to a novel environment](https://www.biorxiv.org/content/10.64898/2026.08.31.748441v1?rss=1)
Append: [Neural correlates of place learning in the cane toad, Rhinella marina](https://www.biorxiv.org/content/10.64898/2026.08.31.748259v1?rss=1)
Append: [Who rests with whom? Sex composition and group demography shape resting associations in free-ranging dogs](https://www.biorxiv.org/content/10.64898/2026.08.28.745223v1?rss=1)
Append: [Exploring rhythmic and melodic preferences in budgerigars: Individual and possible sex-related variation](https://www.biorxiv.org/content/10.64898/2026.08.30.748169v1?rss=1)
Append: [Autism-risk gene mutations convergently disrupt sexually dimorphic oxytocin circuits to lower social engagement](https://www.biorxiv.org/content/10.64898/2026.08.27.747579v1?rss=1)
Append: [Rapid phase resetting of Aedes aegypti circadian rhythms by transient alterations in light exposure](https://www.biorxiv.org/content/10.64898/2026.08.27.747523v1?rss=1)
Append: [Detection of Frustration-related Operant Behavior in Rats via Machine Learning Methods](https://www.biorxiv.org/content/10.64898/2026.08.26.747319v1?rss=1)
Append: [Copulation calls indicate fertility but do not reflect female mate competition in wild Guinea baboons](https://www.biorxiv.org/content/10.64898/2026.08.26.747217v1?rss=1)
Append: [Higher rewards lead to more accurate flower detection and increased contrast sensitivity in the bumblebee Bombus terrestris](https://www.biorxiv.org/content/10.64898/2026.08.26.747241v1?rss=1)
Append: [Melodic Modulation of Pain and Cognition: Neurobehavioral Effects of Indian Instrumental Music in Mice](https://www.biorxiv.org/content/10.64898/2026.08.27.742492v1?rss=1)
Append: [A two-signal, two-receiver signalling system: Snake mobbing in the Arabian babbler](https://www.biorxiv.org/content/10.64898/2026.08.25.747098v1?rss=1)
Append: [The role of animal personality in behavioural welfare diagnostics: a case study in Arctic charr (Salvelinus alpinus)](https://www.biorxiv.org/content/10.64898/2026.08.25.747029v1?rss=1)
Append: [Self-organized Regulation of Group Size and Number in Natural and Artificial Collectives](https://www.biorxiv.org/content/10.64898/2026.08.25.746978v1?rss=1)
Append: [Evaluation of Locomotor Activity in Group-Housed Hamsters: Effects of Cage Size and Running Wheel Availability](https://www.biorxiv.org/content/10.64898/2026.08.24.746863v1?rss=1)
Append: [Fruit abundance and moonlight shape sex-specific nocturnal activity and movement in kinkajous (Potos flavus)](https://www.biorxiv.org/content/10.64898/2026.08.23.746512v1?rss=1)
Append: [Species-specific responses of diurnal birds to nocturnal conspecific song playback](https://www.biorxiv.org/content/10.64898/2026.08.27.747485v1?rss=1)
Append: [Socially dominant male mice in social hierarchies identified via automated RFID tracking exhibit elevated activity levels and circulating markers of higher metabolic demand](https://www.biorxiv.org/content/10.64898/2026.08.26.747333v1?rss=1)
Append: [Low-latency multicamera 3D tracking of insects with Braid](https://www.biorxiv.org/content/10.64898/2026.08.21.745392v1?rss=1)
Append: [Voluntary oxycodone self-administration produces analgesic tolerance and sex-dependent hyperalgesia across genetically diverse rats](https://www.biorxiv.org/content/10.64898/2026.08.20.745912v1?rss=1)
Fetching from https://connect.biorxiv.org/biorxiv_xml.php?subject=ecology
Append: [Ecological and evolutionary drivers of thermal performance curves across the tree of life](https://www.biorxiv.org/content/10.64898/2026.09.04.749418v1?rss=1)
Append: [Development and parameterisation of a size-structured multispecies bioeconomic model integrating consumer demand](https://www.biorxiv.org/content/10.64898/2026.09.04.749338v1?rss=1)
Append: [GLACIAL SPECIALIST SPECIES ARE MORE VULNERABLE TO CLIMATE CHANGE THAN GENERALIST SPECIES (DRAWING PARELLELS BETWEEN EMPIRICAL AND ECOLOGICAL DISTINCTIONS)](https://www.biorxiv.org/content/10.64898/2026.09.04.749327v1?rss=1)
Append: [Multi-omic Environmental Monitoring Reveals When Molecular Signals Reflect Living Biology](https://www.biorxiv.org/content/10.64898/2026.09.04.749360v1?rss=1)
Append: [Chronic warming, not heatwaves, predicts tropical fish colonization in the Mediterranean](https://www.biorxiv.org/content/10.64898/2026.09.03.749106v1?rss=1)
Append: [Abundance and distribution of ice-associated seals in the western Bering Sea and Sea of Okhotsk, 2012-2013](https://www.biorxiv.org/content/10.64898/2026.09.03.749204v1?rss=1)
Append: [A single attractor governs the population dynamics of marine fishes worldwide](https://www.biorxiv.org/content/10.64898/2026.09.03.749174v1?rss=1)
Append: [Advancement of spring arrival and delayed autumn departure in Ruby-throated Hummingbird (Archilochus colubris) migration phenology over more than a century](https://www.biorxiv.org/content/10.64898/2026.09.03.749133v1?rss=1)
Append: [Feral Pig Invasion Dynamics in Central Brazil: Human-Driven Introduction, Landscape Drivers, and Ecological Consequences](https://www.biorxiv.org/content/10.64898/2026.09.03.749266v1?rss=1)
Append: [Revisiting the evolution of population stability due to selection for rapid development and early reproduction in Drosophila: the role of generation length](https://www.biorxiv.org/content/10.64898/2026.09.04.749329v1?rss=1)
Append: [Toxicokinetics of a Pesticide Mixture in Earthworms Reveal Concentration-Dependent Bioaccumulation and Limited Interactions](https://www.biorxiv.org/content/10.64898/2026.09.03.749139v1?rss=1)
Append: [From video to encounter histories: individual identification and machine vision for salmonid capture-recapture monitoring](https://www.biorxiv.org/content/10.64898/2026.09.03.749040v1?rss=1)
Append: [DEADMON: A protocol for long-term monitoring of deadwood-associated species](https://www.biorxiv.org/content/10.64898/2026.08.31.747472v1?rss=1)
Append: [Overlapping flower and pollen production in two imperiled pitcher plants raises conservation challenges](https://www.biorxiv.org/content/10.64898/2026.09.02.748929v1?rss=1)
Append: [A Multiscale Translation of Tilman R and Its Empirical Application in the Cerrado](https://www.biorxiv.org/content/10.64898/2026.09.02.748945v1?rss=1)
Append: [Uncharted Waters: Projecting the European Emergence of Naegleria fowleri, Colloquially Known as the 'Brain-Eating Amoeba', Under Climate Warming](https://www.biorxiv.org/content/10.64898/2026.09.02.748909v1?rss=1)
Append: [How far can microbial monocultures predict growth in multi-strain communities?](https://www.biorxiv.org/content/10.64898/2026.09.02.748814v1?rss=1)
Append: [Revision of the Community Conservation Index](https://www.biorxiv.org/content/10.64898/2026.08.30.748128v1?rss=1)
Append: [Monitoring seagrass meadow health using coastal bird fecal fatty acid biomarkers](https://www.biorxiv.org/content/10.64898/2026.09.01.748668v1?rss=1)
Append: [Spatial heterogeneity shapes microbial eco-evolutionary dynamics of soil carbon](https://www.biorxiv.org/content/10.64898/2026.09.03.749071v1?rss=1)
Append: [Area use and residency behaviour at reproductive and foraging areas of green turtles from the largest rookery in the Atlantic](https://www.biorxiv.org/content/10.64898/2026.09.02.749028v1?rss=1)
Append: [AberTrap: an open-source, lightweight, programmable sampler of airborne biological particles](https://www.biorxiv.org/content/10.64898/2026.09.02.746715v1?rss=1)
Append: [The emerging medium-scale: Prioritising fisheries management for elasmobranch conservation.](https://www.biorxiv.org/content/10.64898/2026.09.02.748653v1?rss=1)
Append: [AWET -- Arthropod Weight Estimation Tool](https://www.biorxiv.org/content/10.64898/2026.09.03.749054v1?rss=1)
Append: [An ecological model of masting reproduction matches empirical dynamics](https://www.biorxiv.org/content/10.64898/2026.09.02.748907v1?rss=1)
Append: [From concentration to export: resource contrasts and bee traits shape pollinator spillover to crops](https://www.biorxiv.org/content/10.64898/2026.08.29.747339v1?rss=1)
Append: [Burning down the mouse: Effects of wildfire and post-fire reseeding on Sin Nombre virus prevalence in its reservoir host](https://www.biorxiv.org/content/10.64898/2026.09.02.748549v1?rss=1)
Append: [Geometric causes of species rarity](https://www.biorxiv.org/content/10.64898/2026.09.02.748835v1?rss=1)
Append: [Abundance and trends of harbor seals (Phoca vitulina richardii) in Alaska, 1996-2023](https://www.biorxiv.org/content/10.64898/2026.09.02.748977v1?rss=1)
Append: [Environmental sensing capacity predicts bacterial ecological strategies and environmental preferences](https://www.biorxiv.org/content/10.64898/2026.09.01.748587v1?rss=1)
Fetching from https://www.mongabay.com/feed/
Fetching from https://www.sciencedaily.com/rss/plants_animals/birds.xml
Append: [190-year-old DNA reveals a hidden pangolin species](https://www.sciencedaily.com/releases/2026/08/260826055500.htm)
Append: [Bird flu is spreading. Your backyard feeder could make it worse](https://www.sciencedaily.com/releases/2026/08/260824065519.htm)
Append: [Queen bees have a disturbing way to survive pesticides](https://www.sciencedaily.com/releases/2026/08/260821012224.htm)
Append: [A 236-million-year-old fossil could rewrite the story of mammalian birth](https://www.sciencedaily.com/releases/2026/08/260813045534.htm)
Append: [Paleontology rocked by organic molecules found in 66-million-year-old dinosaur bones](https://www.sciencedaily.com/releases/2026/08/260811053042.htm)
Append: [Scientists found evolution repeating itself in the Galápagos Islands](https://www.sciencedaily.com/releases/2026/07/260729051537.htm)
Append: [Ant brains reveal how evolution turned hunger into parenting](https://www.sciencedaily.com/releases/2026/07/260729051519.htm)
Append: [Why are so many dead bumblebees appearing on sidewalks?](https://www.sciencedaily.com/releases/2026/07/260727012134.htm)
Append: [This dinosaur fossil captures the final moments of a T. rex attack](https://www.sciencedaily.com/releases/2026/07/260713000811.htm)
Append: [Rare fossil goose rewrites the story of New Zealand's giant birds](https://www.sciencedaily.com/releases/2026/07/260709160637.htm)
Append: [Bumblebees collect up to 7 times more toxic metals than honeybees](https://www.sciencedaily.com/releases/2026/07/260707025044.htm)
Append: [Ancient bees turned tooth sockets into tiny nurseries 20,000 years ago](https://www.sciencedaily.com/releases/2026/06/260625060216.htm)
Append: [From pet to pest, goldfish can wreck entire ecosystems](https://www.sciencedaily.com/releases/2026/06/260622091524.htm)
Append: [This four-winged dinosaur may have terrorized Earth's earliest birds](https://www.sciencedaily.com/releases/2026/06/260621060311.htm)
Append: [Scientists recreated a dinosaur nest and solved a 70-million-year-old mystery](https://www.sciencedaily.com/releases/2026/06/260621031409.htm)
Append: [More trees can mean fewer birds, new study reveals](https://www.sciencedaily.com/releases/2026/06/260620100426.htm)
Append: [These bees have nowhere to hide from extreme heat](https://www.sciencedaily.com/releases/2026/06/260617032157.htm)
Append: [Scientists found a way to explain bird flocks that “defy” Newton’s third law](https://www.sciencedaily.com/releases/2026/06/260615033843.htm)
Append: [The deadly tapeworm spreading across America has reached the Pacific Northwest](https://www.sciencedaily.com/releases/2026/06/260611024610.htm)
Append: [This blood-feeding fly sacrifices its sight after finding a host](https://www.sciencedaily.com/releases/2026/06/260602021633.htm)
Append: [A New York cemetery was hiding 5.5 million bees underground](https://www.sciencedaily.com/releases/2026/05/260527023218.htm)
Append: [Humpback whale breaks migration record with 15,000 kilometer ocean journey](https://www.sciencedaily.com/releases/2026/05/260519224303.htm)
Append: [Paleontology rocked by discovery of organic molecules in 66-million-year-old dinosaur bones](https://www.sciencedaily.com/releases/2026/05/260514084421.htm)
Append: [Mammal ancestors laid eggs, and this 250-million-year-old fossil finally proves it](https://www.sciencedaily.com/releases/2026/04/260414075642.htm)
Append: [The people you live with could be changing your gut bacteria](https://www.sciencedaily.com/releases/2026/04/260413043131.htm)
Append: [Gray whales are entering San Francisco Bay and many aren’t surviving](https://www.sciencedaily.com/releases/2026/04/260413043127.htm)
Append: [Ancient bees found nesting inside fossil bones in rare cave discovery](https://www.sciencedaily.com/releases/2026/04/260402042748.htm)
Append: [This cow uses tools like a primate—and scientists are stunned](https://www.sciencedaily.com/releases/2026/03/260326075611.htm)
Append: [Freshwater fish populations plunge 81% as river migrations collapse](https://www.sciencedaily.com/releases/2026/03/260326064157.htm)
Append: [Scientists just discovered bees and hummingbirds are drinking alcohol](https://www.sciencedaily.com/releases/2026/03/260325005908.htm)
Append: [Scientists recreated a dinosaur nest to solve a 70-million-year-old mystery](https://www.sciencedaily.com/releases/2026/03/260319005102.htm)
Append: [These dinosaurs had wings but couldn’t fly](https://www.sciencedaily.com/releases/2026/03/260318033115.htm)
Append: [Extreme weather is hitting baby birds hard in a 60-year study](https://www.sciencedaily.com/releases/2026/03/260311213435.htm)
Append: [Study finds wild release can be deadly for rescued slow lorises](https://www.sciencedaily.com/releases/2026/03/260303201801.htm)
Append: [H5N1 bird flu kills more than 50 skuas in first Antarctica wildlife die off](https://www.sciencedaily.com/releases/2026/02/260211073029.htm)
Append: [Almost every forest bird in Hawaiʻi is spreading avian malaria](https://www.sciencedaily.com/releases/2026/02/260211073016.htm)
Append: [Pumas are back in Patagonia and Penguins are paying the price](https://www.sciencedaily.com/releases/2026/02/260207232246.htm)
Append: [Even remote Pacific fish are full of microplastics](https://www.sciencedaily.com/releases/2026/02/260203020202.htm)
Append: [This AI app can tell which dinosaur made a footprint](https://www.sciencedaily.com/releases/2026/02/260201062455.htm)
Append: [How the frog meat trade helped spread a deadly fungus worldwide](https://www.sciencedaily.com/releases/2026/01/260118233555.htm)
Append: [Why evolution rewarded ants that sacrificed protection](https://www.sciencedaily.com/releases/2025/12/251222080127.htm)
Append: [Why consciousness exists at all](https://www.sciencedaily.com/releases/2025/12/251215084209.htm)
Append: [Giant sea monsters lived in rivers at the end of the dinosaur age](https://www.sciencedaily.com/releases/2025/12/251215084203.htm)
Append: [These Bald Eagles fly the wrong way every year and stun scientists](https://www.sciencedaily.com/releases/2025/12/251210092029.htm)
Append: [Fossil brain scans show pterosaurs evolved flight in a flash](https://www.sciencedaily.com/releases/2025/12/251208052529.htm)
Append: [Doomed ants send a final scent to save their colony](https://www.sciencedaily.com/releases/2025/12/251203010205.htm)
Append: [Wild chimps consume more alcohol than anyone expected](https://www.sciencedaily.com/releases/2025/11/251130205418.htm)
Append: [Dinosaur mummy found with hooves and a hidden crest](https://www.sciencedaily.com/releases/2025/11/251129044518.htm)
Append: [Bird flu’s surprising heat tolerance has scientists worried](https://www.sciencedaily.com/releases/2025/11/251128050503.htm)
Append: [The five great forests that keep North America’s birds alive](https://www.sciencedaily.com/releases/2025/11/251121090735.htm)
Append: [A crisis deepens as African penguins compete with fishing fleets for food](https://www.sciencedaily.com/releases/2025/11/251117095642.htm)
Append: [Birds, not wind, brought life to Iceland’s youngest island](https://www.sciencedaily.com/releases/2025/11/251104094148.htm)
Append: [After 25 years, scientists solve the bird-eating bat mystery](https://www.sciencedaily.com/releases/2025/11/251101000404.htm)
Append: [Antarctic robot ‘Lassie’ uncovers thousands of icefish nests beneath Antarctic ice](https://www.sciencedaily.com/releases/2025/10/251029002847.htm)
Append: [This tiny worm uses static electricity to hunt flying insects](https://www.sciencedaily.com/releases/2025/10/251015032304.htm)
Append: [Birds around the world share a mysterious warning cry](https://www.sciencedaily.com/releases/2025/10/251006051113.htm)
Append: [Baby pterosaurs died in ancient storms—and their fossils reveal the truth](https://www.sciencedaily.com/releases/2025/09/250905180737.htm)
Append: [Scientists uncover the secret to orangutan survival in the trees](https://www.sciencedaily.com/releases/2025/08/250830001157.htm)
Append: [Bumble bees balance their diets with surprising precision](https://www.sciencedaily.com/releases/2025/08/250827010724.htm)
Append: [Most of Earth’s species came from explosive bursts of evolution](https://www.sciencedaily.com/releases/2025/08/250822073805.htm)
append_entries: 120
Finish: 2026-09-09 10:06:47.846607
------------------------------------------------------
Started: 2026-09-09 10:19:55.023130
Existing_entries: 120
Fetching from https://connect.biorxiv.org/biorxiv_xml.php?subject=animal_behavior_and_cognition
Fetching from https://connect.biorxiv.org/biorxiv_xml.php?subject=ecology
Fetching from https://www.mongabay.com/feed/
Fetching from https://www.sciencedaily.com/rss/plants_animals/birds.xml
append_entries: 0
Finish: 2026-09-09 10:19:57.036060
------------------------------------------------------
Started: 2026-09-09 11:14:43.750404
Existing_entries: 120
Fetching from https://connect.biorxiv.org/biorxiv_xml.php?subject=animal_behavior_and_cognition
Fetching from https://connect.biorxiv.org/biorxiv_xml.php?subject=ecology
Fetching from https://www.mongabay.com/feed/
Fetching from https://www.sciencedaily.com/rss/plants_animals/birds.xml
append_entries: 0
Finish: 2026-09-09 11:14:45.088588
------------------------------------------------------
Started: 2026-09-09 11:41:18.403971
Existing_entries: 120
Fetching from https://connect.biorxiv.org/biorxiv_xml.php?subject=animal_behavior_and_cognition
Fetching from https://connect.biorxiv.org/biorxiv_xml.php?subject=ecology
Append: [Active and total rhizosphere microbiomes of plant mixtures diverge from additive expectations, depending on nitrogen and plant composition](https://www.biorxiv.org/content/10.64898/2026.09.04.749479v1?rss=1)
Fetching from https://www.mongabay.com/feed/
Fetching from https://www.sciencedaily.com/rss/plants_animals/birds.xml
append_entries: 1
Finish: 2026-09-09 11:41:19.632180
------------------------------------------------------
Started: 2026-09-09 12:13:58.390168
Existing_entries: 121
Fetching from https://connect.biorxiv.org/biorxiv_xml.php?subject=animal_behavior_and_cognition
Fetching from https://connect.biorxiv.org/biorxiv_xml.php?subject=ecology
Fetching from https://www.mongabay.com/feed/
Fetching from https://www.sciencedaily.com/rss/plants_animals/birds.xml
append_entries: 0
Finish: 2026-09-09 12:13:59.445786
------------------------------------------------------
Started: 2026-09-09 14:12:29.609691
Existing_entries: 121
Fetching from https://connect.biorxiv.org/biorxiv_xml.php?subject=animal_behavior_and_cognition
Fetching from https://connect.biorxiv.org/biorxiv_xml.php?subject=ecology
Append: [Predicting taxon-specific benthic cyanobacterial mat cover and anatoxin concentrations in northern California rivers](https://www.biorxiv.org/content/10.64898/2026.09.04.748937v1?rss=1)
Fetching from https://www.mongabay.com/feed/
Fetching from https://www.sciencedaily.com/rss/plants_animals/birds.xml
append_entries: 1
Finish: 2026-09-09 14:12:30.223715
------------------------------------------------------
Started: 2026-09-09 16:13:22.498254
Existing_entries: 122
Fetching from https://connect.biorxiv.org/biorxiv_xml.php?subject=animal_behavior_and_cognition
Fetching from https://connect.biorxiv.org/biorxiv_xml.php?subject=ecology
Append: [Sediment depth-dependent trait expression controls species contributions to nutrient cycling](https://www.biorxiv.org/content/10.64898/2026.09.04.748838v1?rss=1)
Fetching from https://www.mongabay.com/feed/
Fetching from https://www.sciencedaily.com/rss/plants_animals/birds.xml
append_entries: 1
Finish: 2026-09-09 16:13:23.787673
------------------------------------------------------
Started: 2026-09-09 18:14:45.598434
Existing_entries: 123
Fetching from https://connect.biorxiv.org/biorxiv_xml.php?subject=animal_behavior_and_cognition
Fetching from https://connect.biorxiv.org/biorxiv_xml.php?subject=ecology
Fetching from https://www.mongabay.com/feed/
Fetching from https://www.sciencedaily.com/rss/plants_animals/birds.xml
append_entries: 0
Finish: 2026-09-09 18:14:46.525125
------------------------------------------------------
Started: 2026-09-09 20:12:08.991548
Existing_entries: 123
Fetching from https://connect.biorxiv.org/biorxiv_xml.php?subject=animal_behavior_and_cognition
Fetching from https://connect.biorxiv.org/biorxiv_xml.php?subject=ecology
Fetching from https://www.mongabay.com/feed/
Fetching from https://www.sciencedaily.com/rss/plants_animals/birds.xml
append_entries: 0
Finish: 2026-09-09 20:12:10.076611
------------------------------------------------------
Started: 2026-09-09 22:12:07.612247
Existing_entries: 123
Fetching from https://connect.biorxiv.org/biorxiv_xml.php?subject=animal_behavior_and_cognition
Append: [Validating the Gap-Startle Paradigm for Tinnitus Detection: A Machine Learning Approach in CBA/CaJ Mice](https://www.biorxiv.org/content/10.64898/2026.09.05.747694v1?rss=1)
Fetching from https://connect.biorxiv.org/biorxiv_xml.php?subject=ecology
Fetching from https://www.mongabay.com/feed/
Fetching from https://www.sciencedaily.com/rss/plants_animals/birds.xml
append_entries: 1
Finish: 2026-09-09 22:12:09.130653
------------------------------------------------------
Started: 2026-09-10 00:14:58.030938
Existing_entries: 124
Fetching from https://connect.biorxiv.org/biorxiv_xml.php?subject=animal_behavior_and_cognition
Fetching from https://connect.biorxiv.org/biorxiv_xml.php?subject=ecology
Fetching from https://www.mongabay.com/feed/
Fetching from https://www.sciencedaily.com/rss/plants_animals/birds.xml
append_entries: 0
Finish: 2026-09-10 00:14:59.215657
------------------------------------------------------
Started: 2026-09-10 02:12:51.478904
Existing_entries: 124
Fetching from https://connect.biorxiv.org/biorxiv_xml.php?subject=animal_behavior_and_cognition
Fetching from https://connect.biorxiv.org/biorxiv_xml.php?subject=ecology
Fetching from https://www.mongabay.com/feed/
Fetching from https://www.sciencedaily.com/rss/plants_animals/birds.xml
append_entries: 0
Finish: 2026-09-10 02:12:52.161253
------------------------------------------------------
Started: 2026-09-10 04:12:15.979826
Existing_entries: 124
Fetching from https://connect.biorxiv.org/biorxiv_xml.php?subject=animal_behavior_and_cognition
Fetching from https://connect.biorxiv.org/biorxiv_xml.php?subject=ecology
Fetching from https://www.mongabay.com/feed/
Fetching from https://www.sciencedaily.com/rss/plants_animals/birds.xml
append_entries: 0
Finish: 2026-09-10 04:12:17.631800
------------------------------------------------------
Started: 2026-09-10 06:15:13.139352
Existing_entries: 124
Fetching from https://connect.biorxiv.org/biorxiv_xml.php?subject=animal_behavior_and_cognition
Fetching from https://connect.biorxiv.org/biorxiv_xml.php?subject=ecology
Fetching from https://www.mongabay.com/feed/
Fetching from https://www.sciencedaily.com/rss/plants_animals/birds.xml
append_entries: 0
Finish: 2026-09-10 06:15:14.190570
------------------------------------------------------
Started: 2026-09-10 08:12:37.236703
Existing_entries: 124
Fetching from https://connect.biorxiv.org/biorxiv_xml.php?subject=animal_behavior_and_cognition
Fetching from https://connect.biorxiv.org/biorxiv_xml.php?subject=ecology
Fetching from https://www.mongabay.com/feed/
Fetching from https://www.sciencedaily.com/rss/plants_animals/birds.xml
append_entries: 0
Finish: 2026-09-10 08:12:37.913575
------------------------------------------------------
Started: 2026-09-10 10:12:43.680167
Existing_entries: 124
Fetching from https://connect.biorxiv.org/biorxiv_xml.php?subject=animal_behavior_and_cognition
Fetching from https://connect.biorxiv.org/biorxiv_xml.php?subject=ecology
Fetching from https://www.mongabay.com/feed/
Fetching from https://www.sciencedaily.com/rss/plants_animals/birds.xml
append_entries: 0
Finish: 2026-09-10 10:12:44.285681
------------------------------------------------------
Started: 2026-09-10 12:15:50.463215
Existing_entries: 124
Fetching from https://connect.biorxiv.org/biorxiv_xml.php?subject=animal_behavior_and_cognition
Fetching from https://connect.biorxiv.org/biorxiv_xml.php?subject=ecology
Fetching from https://www.mongabay.com/feed/
Fetching from https://www.sciencedaily.com/rss/plants_animals/birds.xml
append_entries: 0
Finish: 2026-09-10 12:15:51.886618
------------------------------------------------------
Started: 2026-09-10 14:11:55.714643
Existing_entries: 124
Fetching from https://connect.biorxiv.org/biorxiv_xml.php?subject=animal_behavior_and_cognition
Fetching from https://connect.biorxiv.org/biorxiv_xml.php?subject=ecology
Append: [Towards Automated Acoustic Monitoring of Threatened Birds in Tropical Forest Ecosystem Restoration](https://www.biorxiv.org/content/10.64898/2026.09.06.749699v1?rss=1)
Fetching from https://www.mongabay.com/feed/
Fetching from https://www.sciencedaily.com/rss/plants_animals/birds.xml
append_entries: 1
Finish: 2026-09-10 14:11:56.408352
------------------------------------------------------
Started: 2026-09-10 16:12:00.733006
Existing_entries: 125
Fetching from https://connect.biorxiv.org/biorxiv_xml.php?subject=animal_behavior_and_cognition
Fetching from https://connect.biorxiv.org/biorxiv_xml.php?subject=ecology
Fetching from https://www.mongabay.com/feed/
Fetching from https://www.sciencedaily.com/rss/plants_animals/birds.xml
append_entries: 0
Finish: 2026-09-10 16:12:02.977258
------------------------------------------------------
Started: 2026-09-10 18:14:03.930614
Existing_entries: 125
Fetching from https://connect.biorxiv.org/biorxiv_xml.php?subject=animal_behavior_and_cognition
Fetching from https://connect.biorxiv.org/biorxiv_xml.php?subject=ecology
Fetching from https://www.mongabay.com/feed/
Fetching from https://www.sciencedaily.com/rss/plants_animals/birds.xml
append_entries: 0
Finish: 2026-09-10 18:14:04.957281
